INFO:     Started server process [3066]
INFO:     Waiting for application startup.
Creating tables...
2026-01-30 16:46:47,912 INFO sqlalchemy.engine.Engine BEGIN (implicit)
2026-01-30 16:46:47,913 INFO sqlalchemy.engine.Engine PRAGMA main.table_info("user")
2026-01-30 16:46:47,914 INFO sqlalchemy.engine.Engine [raw sql] ()
2026-01-30 16:46:47,924 INFO sqlalchemy.engine.Engine PRAGMA main.table_info("task")
2026-01-30 16:46:47,925 INFO sqlalchemy.engine.Engine [raw sql] ()
2026-01-30 16:46:47,931 INFO sqlalchemy.engine.Engine PRAGMA main.table_info("conversation")
2026-01-30 16:46:47,933 INFO sqlalchemy.engine.Engine [raw sql] ()
2026-01-30 16:46:47,938 INFO sqlalchemy.engine.Engine PRAGMA main.table_info("message")
2026-01-30 16:46:47,938 INFO sqlalchemy.engine.Engine [raw sql] ()
2026-01-30 16:46:47,942 INFO sqlalchemy.engine.Engine COMMIT
INFO:     Application startup complete.
INFO:     Uvicorn running on http://127.0.0.1:8000 (Press CTRL+C to quit)
Tables created successfully!
2026-01-30 16:47:10,173 INFO sqlalchemy.engine.Engine BEGIN (implicit)
2026-01-30 16:47:10,211 INFO sqlalchemy.engine.Engine SELECT user.email, user.username, user.full_name, user.id, user.hashed_password, user.is_active, user.created_at, user.updated_at 
FROM user 
WHERE user.id = ?
2026-01-30 16:47:10,215 INFO sqlalchemy.engine.Engine [generated in 0.00540s] ('9874057dd0a54999b326bb8db823be96',)
2026-01-30 16:47:10,255 INFO sqlalchemy.engine.Engine INSERT INTO task (title, description, status, priority, due_date, id, completed_at, created_at, updated_at, user_id) VALUES (?, ?, ?, ?, ?, ?, ?, ?, ?, ?)
2026-01-30 16:47:10,256 INFO sqlalchemy.engine.Engine [generated in 0.00091s] ('Test Task', 'Test Description', 'pending', 'medium', None, 'ee375cf9caa84de188a6640c4b8febf5', None, '2026-01-30 11:47:10.250300', '2026-01-30 11:47:10.250333', '9874057dd0a54999b326bb8db823be96')
2026-01-30 16:47:10,340 INFO sqlalchemy.engine.Engine COMMIT
2026-01-30 16:47:10,442 INFO sqlalchemy.engine.Engine BEGIN (implicit)
2026-01-30 16:47:10,446 INFO sqlalchemy.engine.Engine SELECT task.title, task.description, task.status, task.priority, task.due_date, task.id, task.completed_at, task.created_at, task.updated_at, task.user_id 
FROM task 
WHERE task.id = ?
2026-01-30 16:47:10,446 INFO sqlalchemy.engine.Engine [generated in 0.00071s] ('ee375cf9caa84de188a6640c4b8febf5',)
2026-01-30 16:47:10,454 INFO sqlalchemy.engine.Engine ROLLBACK
INFO:     127.0.0.1:58432 - "POST /api/todos/ HTTP/1.1" 200 OK
2026-01-30 16:47:43,326 INFO sqlalchemy.engine.Engine BEGIN (implicit)
2026-01-30 16:47:43,327 INFO sqlalchemy.engine.Engine SELECT user.email, user.username, user.full_name, user.id, user.hashed_password, user.is_active, user.created_at, user.updated_at 
FROM user 
WHERE user.id = ?
2026-01-30 16:47:43,328 INFO sqlalchemy.engine.Engine [cached since 33.12s ago] ('9874057dd0a54999b326bb8db823be96',)
2026-01-30 16:47:43,334 INFO sqlalchemy.engine.Engine SELECT task.title, task.description, task.status, task.priority, task.due_date, task.id, task.completed_at, task.created_at, task.updated_at, task.user_id 
FROM task 
WHERE task.user_id = ?
 LIMIT ? OFFSET ?
2026-01-30 16:47:43,334 INFO sqlalchemy.engine.Engine [generated in 0.00071s] ('9874057dd0a54999b326bb8db823be96', 100, 0)
2026-01-30 16:47:43,363 INFO sqlalchemy.engine.Engine ROLLBACK
INFO:     127.0.0.1:49548 - "GET /api/todos/ HTTP/1.1" 200 OK
2026-01-30 16:49:19,532 INFO sqlalchemy.engine.Engine BEGIN (implicit)
2026-01-30 16:49:19,533 INFO sqlalchemy.engine.Engine SELECT user.email, user.username, user.full_name, user.id, user.hashed_password, user.is_active, user.created_at, user.updated_at 
FROM user 
WHERE user.id = ?
2026-01-30 16:49:19,533 INFO sqlalchemy.engine.Engine [cached since 120.2s ago] ('9874057dd0a54999b326bb8db823be96',)
2026-01-30 16:49:19,579 INFO sqlalchemy.engine.Engine SELECT task.title, task.description, task.status, task.priority, task.due_date, task.id, task.completed_at, task.created_at, task.updated_at, task.user_id 
FROM task 
WHERE task.id = ? AND task.user_id = ?
2026-01-30 16:49:19,580 INFO sqlalchemy.engine.Engine [generated in 0.00163s] ('ee375cf9caa84de188a6640c4b8febf5', '9874057dd0a54999b326bb8db823be96')
2026-01-30 16:49:19,605 INFO sqlalchemy.engine.Engine UPDATE task SET title=?, description=?, status=?, priority=? WHERE task.id = ?
2026-01-30 16:49:19,606 INFO sqlalchemy.engine.Engine [generated in 0.00087s] ('Updated Task', 'Updated Description', 'completed', 'high', 'ee375cf9caa84de188a6640c4b8febf5')
2026-01-30 16:49:19,679 INFO sqlalchemy.engine.Engine COMMIT
2026-01-30 16:49:19,804 INFO sqlalchemy.engine.Engine BEGIN (implicit)
2026-01-30 16:49:19,805 INFO sqlalchemy.engine.Engine SELECT task.title, task.description, task.status, task.priority, task.due_date, task.id, task.completed_at, task.created_at, task.updated_at, task.user_id 
FROM task 
WHERE task.id = ?
2026-01-30 16:49:19,806 INFO sqlalchemy.engine.Engine [cached since 120.2s ago] ('ee375cf9caa84de188a6640c4b8febf5',)
2026-01-30 16:49:19,819 INFO sqlalchemy.engine.Engine ROLLBACK
INFO:     127.0.0.1:59832 - "PUT /api/todos/ee375cf9-caa8-4de1-88a6-640c4b8febf5 HTTP/1.1" 200 OK
2026-01-30 16:49:47,044 INFO sqlalchemy.engine.Engine BEGIN (implicit)
2026-01-30 16:49:47,045 INFO sqlalchemy.engine.Engine SELECT user.email, user.username, user.full_name, user.id, user.hashed_password, user.is_active, user.created_at, user.updated_at 
FROM user 
WHERE user.id = ?
2026-01-30 16:49:47,046 INFO sqlalchemy.engine.Engine [cached since 144.7s ago] ('9874057dd0a54999b326bb8db823be96',)
2026-01-30 16:49:47,061 INFO sqlalchemy.engine.Engine SELECT task.title, task.description, task.status, task.priority, task.due_date, task.id, task.completed_at, task.created_at, task.updated_at, task.user_id 
FROM task 
WHERE task.id = ? AND task.user_id = ?
2026-01-30 16:49:47,062 INFO sqlalchemy.engine.Engine [cached since 24.52s ago] ('ee375cf9caa84de188a6640c4b8febf5', '9874057dd0a54999b326bb8db823be96')
2026-01-30 16:49:47,068 INFO sqlalchemy.engine.Engine DELETE FROM task WHERE task.id = ?
2026-01-30 16:49:47,069 INFO sqlalchemy.engine.Engine [generated in 0.00081s] ('ee375cf9caa84de188a6640c4b8febf5',)
2026-01-30 16:49:47,080 INFO sqlalchemy.engine.Engine COMMIT
INFO:     127.0.0.1:42342 - "DELETE /api/todos/ee375cf9-caa8-4de1-88a6-640c4b8febf5 HTTP/1.1" 200 OK
2026-01-30 16:51:21,436 INFO sqlalchemy.engine.Engine BEGIN (implicit)
2026-01-30 16:51:21,437 INFO sqlalchemy.engine.Engine SELECT user.email, user.username, user.full_name, user.id, user.hashed_password, user.is_active, user.created_at, user.updated_at 
FROM user 
WHERE user.id = ?
2026-01-30 16:51:21,438 INFO sqlalchemy.engine.Engine [cached since 230.3s ago] ('9874057dd0a54999b326bb8db823be96',)
2026-01-30 16:51:21,444 INFO sqlalchemy.engine.Engine SELECT task.title, task.description, task.status, task.priority, task.due_date, task.id, task.completed_at, task.created_at, task.updated_at, task.user_id 
FROM task 
WHERE task.user_id = ?
 LIMIT ? OFFSET ?
2026-01-30 16:51:21,445 INFO sqlalchemy.engine.Engine [cached since 197.2s ago] ('9874057dd0a54999b326bb8db823be96', 100, 0)
2026-01-30 16:51:21,451 INFO sqlalchemy.engine.Engine ROLLBACK
INFO:     127.0.0.1:48208 - "GET /api/todos/ HTTP/1.1" 200 OK
2026-01-30 16:56:56,549 INFO sqlalchemy.engine.Engine BEGIN (implicit)
2026-01-30 16:56:56,552 INFO sqlalchemy.engine.Engine SELECT user.email, user.username, user.full_name, user.id, user.hashed_password, user.is_active, user.created_at, user.updated_at 
FROM user 
WHERE user.email = ?
2026-01-30 16:56:56,553 INFO sqlalchemy.engine.Engine [generated in 0.00102s] ('test3@example.com',)
2026-01-30 16:56:56,562 INFO sqlalchemy.engine.Engine SELECT user.email, user.username, user.full_name, user.id, user.hashed_password, user.is_active, user.created_at, user.updated_at 
FROM user 
WHERE user.username = ?
2026-01-30 16:56:56,563 INFO sqlalchemy.engine.Engine [generated in 0.00088s] ('testuser3',)
2026-01-30 16:56:56,992 INFO sqlalchemy.engine.Engine INSERT INTO user (email, username, full_name, id, hashed_password, is_active, created_at, updated_at) VALUES (?, ?, ?, ?, ?, ?, ?, ?)
2026-01-30 16:56:57,001 INFO sqlalchemy.engine.Engine [generated in 0.00988s] ('test3@example.com', 'testuser3', 'Test User3', 'b063b3e02eac46ada6ec11ed007f2272', '$2b$12$K1zirxc8oxsBX74ClZQEAOXk7J38zBUgtvKyFj9gbgQ.wiRYSXfyG', 1, '2026-01-30 11:56:56.987236', '2026-01-30 11:56:56.987727')
2026-01-30 16:56:57,389 INFO sqlalchemy.engine.Engine COMMIT
2026-01-30 16:56:57,525 INFO sqlalchemy.engine.Engine BEGIN (implicit)
2026-01-30 16:56:57,528 INFO sqlalchemy.engine.Engine SELECT user.email, user.username, user.full_name, user.id, user.hashed_password, user.is_active, user.created_at, user.updated_at 
FROM user 
WHERE user.id = ?
2026-01-30 16:56:57,537 INFO sqlalchemy.engine.Engine [generated in 0.00929s] ('b063b3e02eac46ada6ec11ed007f2272',)
2026-01-30 16:56:57,544 INFO sqlalchemy.engine.Engine ROLLBACK
INFO:     127.0.0.1:39034 - "POST /api/auth/register HTTP/1.1" 200 OK
2026-01-30 16:57:58,910 INFO sqlalchemy.engine.Engine BEGIN (implicit)
2026-01-30 16:57:58,911 INFO sqlalchemy.engine.Engine SELECT user.email, user.username, user.full_name, user.id, user.hashed_password, user.is_active, user.created_at, user.updated_at 
FROM user 
WHERE user.email = ?
2026-01-30 16:57:58,912 INFO sqlalchemy.engine.Engine [cached since 56.47s ago] ('test3@example.com',)
2026-01-30 16:57:59,323 INFO sqlalchemy.engine.Engine ROLLBACK
INFO:     127.0.0.1:59368 - "POST /api/auth/login HTTP/1.1" 200 OK
2026-01-30 16:58:17,310 INFO sqlalchemy.engine.Engine BEGIN (implicit)
2026-01-30 16:58:17,311 INFO sqlalchemy.engine.Engine SELECT user.email, user.username, user.full_name, user.id, user.hashed_password, user.is_active, user.created_at, user.updated_at 
FROM user 
WHERE user.id = ?
2026-01-30 16:58:17,312 INFO sqlalchemy.engine.Engine [cached since 615.2s ago] ('b063b3e02eac46ada6ec11ed007f2272',)
2026-01-30 16:58:17,318 INFO sqlalchemy.engine.Engine SELECT task.title, task.description, task.status, task.priority, task.due_date, task.id, task.completed_at, task.created_at, task.updated_at, task.user_id 
FROM task 
WHERE task.user_id = ?
 LIMIT ? OFFSET ?
2026-01-30 16:58:17,318 INFO sqlalchemy.engine.Engine [cached since 582.1s ago] ('b063b3e02eac46ada6ec11ed007f2272', 100, 0)
2026-01-30 16:58:17,323 INFO sqlalchemy.engine.Engine ROLLBACK
INFO:     127.0.0.1:42378 - "GET /api/todos/ HTTP/1.1" 200 OK
