0 verbose cli C:\Program Files\nodejs\node.exe C:\Users\ahed8\AppData\Roaming\npm\node_modules\npm\bin\npm-cli.js
1 info using npm@11.6.2
2 info using node@v22.19.0
3 silly config load:file:C:\Users\ahed8\AppData\Roaming\npm\node_modules\npm\npmrc
4 silly config load:file:D:\hackhathon-2\phase_2\frontend\.npmrc
5 silly config load:file:C:\Users\ahed8\.npmrc
6 silly config load:file:C:\Users\ahed8\AppData\Roaming\npm\etc\npmrc
7 verbose title npm install
8 verbose argv "install"
9 verbose logfile logs-max:10 dir:D:\hackhathon-2\phase_2\frontend\.npm_cache_temp\_logs\2026-01-09T04_18_32_960Z-
10 verbose logfile D:\hackhathon-2\phase_2\frontend\.npm_cache_temp\_logs\2026-01-09T04_18_32_960Z-debug-0.log
11 silly logfile done cleaning log files
12 silly packumentCache heap:2197815296 maxSize:549453824 maxEntrySize:274726912
13 silly idealTree buildDeps
14 silly reify moves {}
15 silly audit bulk request {
15 silly audit   '@alloc/quick-lru': [ '5.2.0' ],
15 silly audit   '@antfu/ni': [ '0.23.2' ],
15 silly audit   '@babel/code-frame': [ '7.27.1' ],
15 silly audit   '@babel/compat-data': [ '7.28.5' ],
15 silly audit   '@babel/core': [ '7.28.5' ],
15 silly audit   '@babel/generator': [ '7.28.5' ],
15 silly audit   '@babel/helper-annotate-as-pure': [ '7.27.3' ],
15 silly audit   '@babel/helper-compilation-targets': [ '7.27.2' ],
15 silly audit   '@babel/helper-create-class-features-plugin': [ '7.28.5' ],
15 silly audit   '@babel/helper-globals': [ '7.28.0' ],
15 silly audit   '@babel/helper-member-expression-to-functions': [ '7.28.5' ],
15 silly audit   '@babel/helper-module-imports': [ '7.27.1' ],
15 silly audit   '@babel/helper-module-transforms': [ '7.28.3' ],
15 silly audit   '@babel/helper-optimise-call-expression': [ '7.27.1' ],
15 silly audit   '@babel/helper-plugin-utils': [ '7.27.1' ],
15 silly audit   '@babel/helper-replace-supers': [ '7.27.1' ],
15 silly audit   '@babel/helper-skip-transparent-expression-wrappers': [ '7.27.1' ],
15 silly audit   '@babel/helper-string-parser': [ '7.27.1' ],
15 silly audit   '@babel/helper-validator-identifier': [ '7.28.5' ],
15 silly audit   '@babel/helper-validator-option': [ '7.27.1' ],
15 silly audit   '@babel/helpers': [ '7.28.4' ],
15 silly audit   '@babel/parser': [ '7.28.5' ],
15 silly audit   '@babel/plugin-syntax-jsx': [ '7.27.1' ],
15 silly audit   '@babel/plugin-syntax-typescript': [ '7.27.1' ],
15 silly audit   '@babel/plugin-transform-modules-commonjs': [ '7.27.1' ],
15 silly audit   '@babel/plugin-transform-react-display-name': [ '7.28.0' ],
15 silly audit   '@babel/plugin-transform-react-jsx': [ '7.27.1' ],
15 silly audit   '@babel/plugin-transform-react-jsx-development': [ '7.27.1' ],
15 silly audit   '@babel/plugin-transform-react-pure-annotations': [ '7.27.1' ],
15 silly audit   '@babel/plugin-transform-typescript': [ '7.28.5' ],
15 silly audit   '@babel/preset-react': [ '7.28.5' ],
15 silly audit   '@babel/preset-typescript': [ '7.28.5' ],
15 silly audit   '@babel/template': [ '7.27.2' ],
15 silly audit   '@babel/traverse': [ '7.28.5' ],
15 silly audit   '@babel/types': [ '7.28.5' ],
15 silly audit   '@better-fetch/fetch': [ '1.1.21' ],
15 silly audit   '@better-fetch/logger': [ '1.1.21' ],
15 silly audit   '@chevrotain/cst-dts-gen': [ '10.5.0' ],
15 silly audit   '@chevrotain/gast': [ '10.5.0' ],
15 silly audit   '@chevrotain/types': [ '10.5.0' ],
15 silly audit   '@chevrotain/utils': [ '10.5.0' ],
15 silly audit   '@emnapi/core': [ '0.45.0', '1.8.1' ],
15 silly audit   '@emnapi/runtime': [ '0.45.0', '1.8.1' ],
15 silly audit   '@emnapi/wasi-threads': [ '1.1.0' ],
15 silly audit   '@eslint-community/eslint-utils': [ '4.9.1' ],
15 silly audit   '@eslint-community/regexpp': [ '4.12.2' ],
15 silly audit   '@eslint/eslintrc': [ '2.1.4' ],
15 silly audit   '@eslint/js': [ '8.57.1' ],
15 silly audit   '@hexagon/base64': [ '1.1.28' ],
15 silly audit   '@humanwhocodes/config-array': [ '0.13.0' ],
15 silly audit   '@humanwhocodes/module-importer': [ '1.0.1' ],
15 silly audit   '@humanwhocodes/object-schema': [ '2.0.3' ],
15 silly audit   '@jridgewell/gen-mapping': [ '0.3.13' ],
15 silly audit   '@jridgewell/remapping': [ '2.3.5' ],
15 silly audit   '@jridgewell/resolve-uri': [ '3.1.2' ],
15 silly audit   '@jridgewell/sourcemap-codec': [ '1.5.5' ],
15 silly audit   '@jridgewell/trace-mapping': [ '0.3.31' ],
15 silly audit   '@levischuck/tiny-cbor': [ '0.2.11' ],
15 silly audit   '@mrleebo/prisma-ast': [ '0.12.1' ],
15 silly audit   '@nanostores/query': [ '0.3.4' ],
15 silly audit   '@nanostores/react': [ '0.7.3' ],
15 silly audit   '@nanostores/solid': [ '0.4.2' ],
15 silly audit   '@nanostores/vue': [ '0.10.0' ],
15 silly audit   '@napi-rs/wasm-runtime': [ '0.2.12' ],
15 silly audit   '@tybys/wasm-util': [ '0.10.1', '0.8.3' ],
15 silly audit   '@next/env': [ '14.0.4' ],
15 silly audit   '@next/eslint-plugin-next': [ '14.0.4' ],
15 silly audit   '@next/swc-darwin-arm64': [ '14.0.4' ],
15 silly audit   '@next/swc-darwin-x64': [ '14.0.4' ],
15 silly audit   '@next/swc-linux-arm64-gnu': [ '14.0.4' ],
15 silly audit   '@next/swc-linux-arm64-musl': [ '14.0.4' ],
15 silly audit   '@next/swc-linux-x64-gnu': [ '14.0.4' ],
15 silly audit   '@next/swc-linux-x64-musl': [ '14.0.4' ],
15 silly audit   '@next/swc-win32-arm64-msvc': [ '14.0.4' ],
15 silly audit   '@next/swc-win32-ia32-msvc': [ '14.0.4' ],
15 silly audit   '@next/swc-win32-x64-msvc': [ '14.0.4' ],
15 silly audit   '@noble/ciphers': [ '0.6.0' ],
15 silly audit   '@noble/hashes': [ '1.8.0' ],
15 silly audit   '@node-rs/argon2': [ '1.7.0' ],
15 silly audit   '@node-rs/argon2-android-arm-eabi': [ '1.7.0' ],
15 silly audit   '@node-rs/argon2-android-arm64': [ '1.7.0' ],
15 silly audit   '@node-rs/argon2-darwin-arm64': [ '1.7.0' ],
15 silly audit   '@node-rs/argon2-darwin-x64': [ '1.7.0' ],
15 silly audit   '@node-rs/argon2-freebsd-x64': [ '1.7.0' ],
15 silly audit   '@node-rs/argon2-linux-arm-gnueabihf': [ '1.7.0' ],
15 silly audit   '@node-rs/argon2-linux-arm64-gnu': [ '1.7.0' ],
15 silly audit   '@node-rs/argon2-linux-arm64-musl': [ '1.7.0' ],
15 silly audit   '@node-rs/argon2-linux-x64-gnu': [ '1.7.0' ],
15 silly audit   '@node-rs/argon2-linux-x64-musl': [ '1.7.0' ],
15 silly audit   '@node-rs/argon2-wasm32-wasi': [ '1.7.0' ],
15 silly audit   '@node-rs/argon2-win32-arm64-msvc': [ '1.7.0' ],
15 silly audit   '@node-rs/argon2-win32-ia32-msvc': [ '1.7.0' ],
15 silly audit   '@node-rs/argon2-win32-x64-msvc': [ '1.7.0' ],
15 silly audit   '@node-rs/bcrypt': [ '1.9.0' ],
15 silly audit   '@node-rs/bcrypt-android-arm-eabi': [ '1.9.0' ],
15 silly audit   '@node-rs/bcrypt-android-arm64': [ '1.9.0' ],
15 silly audit   '@node-rs/bcrypt-darwin-arm64': [ '1.9.0' ],
15 silly audit   '@node-rs/bcrypt-darwin-x64': [ '1.9.0' ],
15 silly audit   '@node-rs/bcrypt-freebsd-x64': [ '1.9.0' ],
15 silly audit   '@node-rs/bcrypt-linux-arm-gnueabihf': [ '1.9.0' ],
15 silly audit   '@node-rs/bcrypt-linux-arm64-gnu': [ '1.9.0' ],
15 silly audit   '@node-rs/bcrypt-linux-arm64-musl': [ '1.9.0' ],
15 silly audit   '@node-rs/bcrypt-linux-x64-gnu': [ '1.9.0' ],
15 silly audit   '@node-rs/bcrypt-linux-x64-musl': [ '1.9.0' ],
15 silly audit   '@node-rs/bcrypt-wasm32-wasi': [ '1.9.0' ],
15 silly audit   '@node-rs/bcrypt-win32-arm64-msvc': [ '1.9.0' ],
15 silly audit   '@node-rs/bcrypt-win32-ia32-msvc': [ '1.9.0' ],
15 silly audit   '@node-rs/bcrypt-win32-x64-msvc': [ '1.9.0' ],
15 silly audit   '@nodelib/fs.scandir': [ '2.1.5' ],
15 silly audit   '@nodelib/fs.stat': [ '2.0.5' ],
15 silly audit   '@nodelib/fs.walk': [ '1.2.8' ],
15 silly audit   '@nolyfill/is-core-module': [ '1.0.39' ],
15 silly audit   '@oslojs/asn1': [ '0.2.2' ],
15 silly audit   '@oslojs/binary': [ '0.2.3' ],
15 silly audit   '@oslojs/crypto': [ '0.6.0' ],
15 silly audit   '@oslojs/encoding': [ '1.1.0', '0.4.1' ],
15 silly audit   '@oslojs/jwt': [ '0.1.0' ],
15 silly audit   '@paralleldrive/cuid2': [ '2.3.1' ],
15 silly audit   '@peculiar/asn1-android': [ '2.6.0' ],
15 silly audit   '@peculiar/asn1-ecc': [ '2.6.0' ],
15 silly audit   '@peculiar/asn1-rsa': [ '2.6.0' ],
15 silly audit   '@peculiar/asn1-schema': [ '2.6.0' ],
15 silly audit   '@peculiar/asn1-x509': [ '2.6.0' ],
15 silly audit   '@rtsao/scc': [ '1.1.0' ],
15 silly audit   '@rushstack/eslint-patch': [ '1.15.0' ],
15 silly audit   '@sec-ant/readable-stream': [ '0.4.1' ],
15 silly audit   '@simplewebauthn/browser': [ '10.0.0' ],
15 silly audit   '@simplewebauthn/server': [ '10.0.1' ],
15 silly audit   '@simplewebauthn/types': [ '10.0.0' ],
15 silly audit   '@sindresorhus/merge-streams': [ '4.0.0' ],
15 silly audit   '@swc/helpers': [ '0.5.2' ],
15 silly audit   '@types/json5': [ '0.0.29' ],
15 silly audit   '@types/node': [ '20.19.27' ],
15 silly audit   '@types/prop-types': [ '15.7.15' ],
15 silly audit   '@types/react': [ '18.3.27' ],
15 silly audit   '@types/react-dom': [ '18.3.7' ],
15 silly audit   '@types/set-cookie-parser': [ '2.4.10' ],
15 silly audit   '@typescript-eslint/parser': [ '6.21.0' ],
15 silly audit   '@typescript-eslint/scope-manager': [ '6.21.0' ],
15 silly audit   '@typescript-eslint/types': [ '6.21.0' ],
15 silly audit   '@typescript-eslint/typescript-estree': [ '6.21.0' ],
15 silly audit   'brace-expansion': [ '2.0.2', '1.1.12' ],
15 silly audit   minimatch: [ '9.0.3', '3.1.2' ],
15 silly audit   semver: [ '7.7.3', '6.3.1' ],
15 silly audit   '@typescript-eslint/visitor-keys': [ '6.21.0' ],
15 silly audit   '@ungap/structured-clone': [ '1.3.0' ],
15 silly audit   '@unrs/resolver-binding-android-arm-eabi': [ '1.11.1' ],
15 silly audit   '@unrs/resolver-binding-android-arm64': [ '1.11.1' ],
15 silly audit   '@unrs/resolver-binding-darwin-arm64': [ '1.11.1' ],
15 silly audit   '@unrs/resolver-binding-darwin-x64': [ '1.11.1' ],
15 silly audit   '@unrs/resolver-binding-freebsd-x64': [ '1.11.1' ],
15 silly audit   '@unrs/resolver-binding-linux-arm-gnueabihf': [ '1.11.1' ],
15 silly audit   '@unrs/resolver-binding-linux-arm-musleabihf': [ '1.11.1' ],
15 silly audit   '@unrs/resolver-binding-linux-arm64-gnu': [ '1.11.1' ],
15 silly audit   '@unrs/resolver-binding-linux-arm64-musl': [ '1.11.1' ],
15 silly audit   '@unrs/resolver-binding-linux-ppc64-gnu': [ '1.11.1' ],
15 silly audit   '@unrs/resolver-binding-linux-riscv64-gnu': [ '1.11.1' ],
15 silly audit   '@unrs/resolver-binding-linux-riscv64-musl': [ '1.11.1' ],
15 silly audit   '@unrs/resolver-binding-linux-s390x-gnu': [ '1.11.1' ],
15 silly audit   '@unrs/resolver-binding-linux-x64-gnu': [ '1.11.1' ],
15 silly audit   '@unrs/resolver-binding-linux-x64-musl': [ '1.11.1' ],
15 silly audit   '@unrs/resolver-binding-wasm32-wasi': [ '1.11.1' ],
15 silly audit   '@unrs/resolver-binding-win32-arm64-msvc': [ '1.11.1' ],
15 silly audit   '@unrs/resolver-binding-win32-ia32-msvc': [ '1.11.1' ],
15 silly audit   '@unrs/resolver-binding-win32-x64-msvc': [ '1.11.1' ],
15 silly audit   '@vue/compiler-core': [ '3.5.26' ],
15 silly audit   '@vue/compiler-dom': [ '3.5.26' ],
15 silly audit   '@vue/compiler-sfc': [ '3.5.26' ],
15 silly audit   '@vue/compiler-ssr': [ '3.5.26' ],
15 silly audit   '@vue/reactivity': [ '3.5.26' ],
15 silly audit   '@vue/runtime-core': [ '3.5.26' ],
15 silly audit   '@vue/runtime-dom': [ '3.5.26' ],
15 silly audit   '@vue/server-renderer': [ '3.5.26' ],
15 silly audit   '@vue/shared': [ '3.5.26' ],
15 silly audit   acorn: [ '8.15.0' ],
15 silly audit   'acorn-jsx': [ '5.3.2' ],
15 silly audit   ajv: [ '6.12.6' ],
15 silly audit   'ansi-regex': [ '5.0.1', '6.2.2' ],
15 silly audit   'ansi-styles': [ '4.3.0' ],
15 silly audit   'any-promise': [ '1.3.0' ],
15 silly audit   anymatch: [ '3.1.3' ],
15 silly audit   arctic: [ '2.0.0-next.9' ],
15 silly audit   arg: [ '5.0.2' ],
15 silly audit   argparse: [ '2.0.1' ],
15 silly audit   'aria-query': [ '5.3.2' ],
15 silly audit   'array-buffer-byte-length': [ '1.0.2' ],
15 silly audit   'array-includes': [ '3.1.9' ],
15 silly audit   'array-union': [ '2.1.0' ],
15 silly audit   'array.prototype.findlast': [ '1.2.5' ],
15 silly audit   'array.prototype.findlastindex': [ '1.2.6' ],
15 silly audit   'array.prototype.flat': [ '1.3.3' ],
15 silly audit   'array.prototype.flatmap': [ '1.3.3' ],
15 silly audit   'array.prototype.tosorted': [ '1.1.4' ],
15 silly audit   'arraybuffer.prototype.slice': [ '1.0.4' ],
15 silly audit   asn1js: [ '3.0.7' ],
15 silly audit   'ast-types-flow': [ '0.0.8' ],
15 silly audit   'async-function': [ '1.0.0' ],
15 silly audit   autoprefixer: [ '10.4.23' ],
15 silly audit   'available-typed-arrays': [ '1.0.7' ],
15 silly audit   'axe-core': [ '4.11.1' ],
15 silly audit   'axobject-query': [ '4.1.0' ],
15 silly audit   'balanced-match': [ '1.0.2' ],
15 silly audit   'baseline-browser-mapping': [ '2.9.13' ],
15 silly audit   'better-auth': [ '0.2.11' ],
15 silly audit   'better-call': [ '0.2.3-beta.10' ],
15 silly audit   'binary-extensions': [ '2.3.0' ],
15 silly audit   braces: [ '3.0.3' ],
15 silly audit   browserslist: [ '4.28.1' ],
15 silly audit   busboy: [ '1.6.0' ],
15 silly audit   c12: [ '1.11.2' ],
15 silly audit   'call-bind': [ '1.0.8' ],
15 silly audit   'call-bind-apply-helpers': [ '1.0.2' ],
15 silly audit   'call-bound': [ '1.0.4' ],
15 silly audit   callsites: [ '3.1.0' ],
15 silly audit   'camelcase-css': [ '2.0.1' ],
15 silly audit   'caniuse-lite': [ '1.0.30001763' ],
15 silly audit   chalk: [ '5.6.2', '4.1.2' ],
15 silly audit   chevrotain: [ '10.5.0' ],
15 silly audit   chokidar: [ '3.6.0' ],
15 silly audit   chownr: [ '2.0.0' ],
15 silly audit   citty: [ '0.1.6' ],
15 silly audit   'cli-cursor': [ '5.0.0' ],
15 silly audit   'cli-spinners': [ '2.9.2' ],
15 silly audit   'client-only': [ '0.0.1' ],
15 silly audit   'color-convert': [ '2.0.1' ],
15 silly audit   'color-name': [ '1.1.4' ],
15 silly audit   commander: [ '12.1.0', '4.1.1' ],
15 silly audit   'concat-map': [ '0.0.1' ],
15 silly audit   confbox: [ '0.1.8' ],
15 silly audit   consola: [ '3.4.2' ],
15 silly audit   'convert-source-map': [ '2.0.0' ],
15 silly audit   'cross-fetch': [ '4.1.0' ],
15 silly audit   'cross-spawn': [ '7.0.6' ],
15 silly audit   cssesc: [ '3.0.0' ],
15 silly audit   csstype: [ '3.2.3' ],
15 silly audit   'damerau-levenshtein': [ '1.0.8' ],
15 silly audit   'data-view-buffer': [ '1.0.2' ],
15 silly audit   'data-view-byte-length': [ '1.0.2' ],
15 silly audit   'data-view-byte-offset': [ '1.0.1' ],
15 silly audit   debug: [ '4.4.3', '3.2.7' ],
15 silly audit   'deep-is': [ '0.1.4' ],
15 silly audit   'define-data-property': [ '1.1.4' ],
15 silly audit   'define-properties': [ '1.2.1' ],
15 silly audit   defu: [ '6.1.4' ],
15 silly audit   destr: [ '2.0.5' ],
15 silly audit   didyoumean: [ '1.2.2' ],
15 silly audit   'dir-glob': [ '3.0.1' ],
15 silly audit   dlv: [ '1.1.3' ],
15 silly audit   doctrine: [ '3.0.0', '2.1.0' ],
15 silly audit   dotenv: [ '16.6.1' ],
15 silly audit   'dunder-proto': [ '1.0.1' ],
15 silly audit   'electron-to-chromium': [ '1.5.267' ],
15 silly audit   'emoji-regex': [ '9.2.2', '10.6.0' ],
15 silly audit   entities: [ '7.0.0' ],
15 silly audit   'es-abstract': [ '1.24.1' ],
15 silly audit   'es-define-property': [ '1.0.1' ],
15 silly audit   'es-errors': [ '1.3.0' ],
15 silly audit   'es-iterator-helpers': [ '1.2.2' ],
15 silly audit   'es-object-atoms': [ '1.1.1' ],
15 silly audit   'es-set-tostringtag': [ '2.1.0' ],
15 silly audit   'es-shim-unscopables': [ '1.1.0' ],
15 silly audit   'es-to-primitive': [ '1.3.0' ],
15 silly audit   escalade: [ '3.2.0' ],
15 silly audit   'escape-string-regexp': [ '4.0.0' ],
15 silly audit   eslint: [ '8.57.1' ],
15 silly audit   'eslint-config-next': [ '14.0.4' ],
15 silly audit   'eslint-import-resolver-node': [ '0.3.9' ],
15 silly audit   'eslint-import-resolver-typescript': [ '3.10.1' ],
15 silly audit   'eslint-module-utils': [ '2.12.1' ],
15 silly audit   'eslint-plugin-import': [ '2.32.0' ],
15 silly audit   'eslint-plugin-jsx-a11y': [ '6.10.2' ],
15 silly audit   'eslint-plugin-react': [ '7.37.5' ],
15 silly audit   'eslint-plugin-react-hooks': [ '5.0.0-canary-7118f5dd7-20230705' ],
15 silly audit   resolve: [ '2.0.0-next.5', '1.22.11' ],
15 silly audit   'eslint-scope': [ '7.2.2' ],
15 silly audit   'eslint-visitor-keys': [ '3.4.3' ],
15 silly audit   'glob-parent': [ '6.0.2', '5.1.2' ],
15 silly audit   espree: [ '9.6.1' ],
15 silly audit   esquery: [ '1.7.0' ],
15 silly audit   esrecurse: [ '4.3.0' ],
15 silly audit   estraverse: [ '5.3.0' ],
15 silly audit   'estree-walker': [ '2.0.2' ],
15 silly audit   esutils: [ '2.0.3' ],
15 silly audit   execa: [ '9.6.1' ],
15 silly audit   'fast-deep-equal': [ '3.1.3' ],
15 silly audit   'fast-glob': [ '3.3.3' ],
15 silly audit   'fast-json-stable-stringify': [ '2.1.0' ],
15 silly audit   'fast-levenshtein': [ '2.0.6' ],
15 silly audit   fastq: [ '1.20.1' ],
15 silly audit   figures: [ '6.1.0' ],
15 silly audit   'file-entry-cache': [ '6.0.1' ],
15 silly audit   'fill-range': [ '7.1.1' ],
15 silly audit   'find-up': [ '5.0.0' ],
15 silly audit   'flat-cache': [ '3.2.0' ],
15 silly audit   flatted: [ '3.3.3' ],
15 silly audit   'for-each': [ '0.3.5' ],
15 silly audit   'fraction.js': [ '5.3.4' ],
15 silly audit   'fs-minipass': [ '2.1.0' ],
15 silly audit   minipass: [ '3.3.6', '5.0.0' ],
15 silly audit   yallist: [ '4.0.0', '3.1.1' ],
15 silly audit   'fs-monkey': [ '1.1.0' ],
15 silly audit   'fs.realpath': [ '1.0.0' ],
15 silly audit   fsevents: [ '2.3.3' ],
15 silly audit   'function-bind': [ '1.1.2' ],
15 silly audit   'function.prototype.name': [ '1.1.8' ],
15 silly audit   'functions-have-names': [ '1.2.3' ],
15 silly audit   'generator-function': [ '2.0.1' ],
15 silly audit   gensync: [ '1.0.0-beta.2' ],
15 silly audit   'get-east-asian-width': [ '1.4.0' ],
15 silly audit   'get-intrinsic': [ '1.3.0' ],
15 silly audit   'get-proto': [ '1.0.1' ],
15 silly audit   'get-stream': [ '9.0.1' ],
15 silly audit   'get-symbol-description': [ '1.1.0' ],
15 silly audit   'get-tsconfig': [ '4.13.0' ],
15 silly audit   giget: [ '1.2.5' ],
15 silly audit   pathe: [ '2.0.3', '1.1.2' ],
15 silly audit   glob: [ '7.1.7' ],
15 silly audit   'glob-to-regexp': [ '0.4.1' ],
15 silly audit   globals: [ '13.24.0' ],
15 silly audit   globalthis: [ '1.0.4' ],
15 silly audit   globby: [ '11.1.0' ],
15 silly audit   gopd: [ '1.2.0' ],
15 silly audit   'graceful-fs': [ '4.2.11' ],
15 silly audit   graphemer: [ '1.4.0' ],
15 silly audit   'has-bigints': [ '1.1.0' ],
15 silly audit   'has-flag': [ '4.0.0' ],
15 silly audit   'has-property-descriptors': [ '1.0.2' ],
15 silly audit   'has-proto': [ '1.2.0' ],
15 silly audit   'has-symbols': [ '1.1.0' ],
15 silly audit   'has-tostringtag': [ '1.0.2' ],
15 silly audit   hasown: [ '2.0.2' ],
15 silly audit   'human-signals': [ '8.0.1' ],
15 silly audit   ignore: [ '5.3.2' ],
15 silly audit   'import-fresh': [ '3.3.1' ],
15 silly audit   imurmurhash: [ '0.1.4' ],
15 silly audit   inflight: [ '1.0.6' ],
15 silly audit   inherits: [ '2.0.4' ],
15 silly audit   'internal-slot': [ '1.1.0' ],
15 silly audit   'is-array-buffer': [ '3.0.5' ],
15 silly audit   'is-async-function': [ '2.1.1' ],
15 silly audit   'is-bigint': [ '1.1.0' ],
15 silly audit   'is-binary-path': [ '2.1.0' ],
15 silly audit   'is-boolean-object': [ '1.2.2' ],
15 silly audit   'is-bun-module': [ '2.0.0' ],
15 silly audit   'is-callable': [ '1.2.7' ],
15 silly audit   'is-core-module': [ '2.16.1' ],
15 silly audit   'is-data-view': [ '1.0.2' ],
15 silly audit   'is-date-object': [ '1.1.0' ],
15 silly audit   'is-extglob': [ '2.1.1' ],
15 silly audit   'is-finalizationregistry': [ '1.1.1' ],
15 silly audit   'is-generator-function': [ '1.1.2' ],
15 silly audit   'is-glob': [ '4.0.3' ],
15 silly audit   'is-interactive': [ '2.0.0' ],
15 silly audit   'is-map': [ '2.0.3' ],
15 silly audit   'is-negative-zero': [ '2.0.3' ],
15 silly audit   'is-number': [ '7.0.0' ],
15 silly audit   'is-number-object': [ '1.1.1' ],
15 silly audit   'is-path-inside': [ '3.0.3' ],
15 silly audit   'is-plain-obj': [ '4.1.0' ],
15 silly audit   'is-regex': [ '1.2.1' ],
15 silly audit   'is-set': [ '2.0.3' ],
15 silly audit   'is-shared-array-buffer': [ '1.0.4' ],
15 silly audit   'is-stream': [ '4.0.1' ],
15 silly audit   'is-string': [ '1.1.1' ],
15 silly audit   'is-symbol': [ '1.1.1' ],
15 silly audit   'is-typed-array': [ '1.1.15' ],
15 silly audit   'is-unicode-supported': [ '2.1.0', '1.3.0' ],
15 silly audit   'is-weakmap': [ '2.0.2' ],
15 silly audit   'is-weakref': [ '1.1.1' ],
15 silly audit   'is-weakset': [ '2.0.4' ],
15 silly audit   isarray: [ '2.0.5' ],
15 silly audit   isexe: [ '2.0.0' ],
15 silly audit   'iterator.prototype': [ '1.1.5' ],
15 silly audit   jiti: [ '1.21.7' ],
15 silly audit   jose: [ '5.10.0' ],
15 silly audit   'js-base64': [ '3.7.8' ],
15 silly audit   'js-tokens': [ '4.0.0' ],
15 silly audit   'js-yaml': [ '4.1.1' ],
15 silly audit   jsesc: [ '3.1.0' ],
15 silly audit   'json-buffer': [ '3.0.1' ],
15 silly audit   'json-schema-traverse': [ '0.4.1' ],
15 silly audit   'json-stable-stringify-without-jsonify': [ '1.0.1' ],
15 silly audit   json5: [ '2.2.3', '1.0.2' ],
15 silly audit   'jsx-ast-utils': [ '3.3.5' ],
15 silly audit   keyv: [ '4.5.4' ],
15 silly audit   kleur: [ '3.0.3' ],
15 silly audit   kysely: [ '0.27.6' ],
15 silly audit   'language-subtag-registry': [ '0.3.23' ],
15 silly audit   'language-tags': [ '1.0.9' ],
15 silly audit   levn: [ '0.4.1' ],
15 silly audit   lilconfig: [ '2.1.0', '3.1.3' ],
15 silly audit   'lines-and-columns': [ '1.2.4' ],
15 silly audit   'locate-path': [ '6.0.0' ],
15 silly audit   lodash: [ '4.17.21' ],
15 silly audit   'lodash.merge': [ '4.6.2' ],
15 silly audit   'log-symbols': [ '6.0.0' ],
15 silly audit   'loose-envify': [ '1.4.0' ],
15 silly audit   'lru-cache': [ '5.1.1' ],
15 silly audit   'magic-string': [ '0.30.21' ],
15 silly audit   'math-intrinsics': [ '1.1.0' ],
15 silly audit   memfs: [ '3.5.3' ],
15 silly audit   'memfs-browser': [ '3.5.10302' ],
15 silly audit   merge2: [ '1.4.1' ],
15 silly audit   micromatch: [ '4.0.8' ],
15 silly audit   'mimic-function': [ '5.0.1' ],
15 silly audit   minimist: [ '1.2.8' ],
15 silly audit   minizlib: [ '2.1.2' ],
15 silly audit   mkdirp: [ '1.0.4' ],
15 silly audit   mlly: [ '1.8.0' ],
15 silly audit   ms: [ '2.1.3' ],
15 silly audit   mz: [ '2.7.0' ],
15 silly audit   nanoassert: [ '1.1.0' ],
15 silly audit   nanoevents: [ '9.1.0' ],
15 silly audit   nanoid: [ '5.1.6', '3.3.11' ],
15 silly audit   nanoquery: [ '1.3.0' ],
15 silly audit   nanostores: [ '0.11.4' ],
15 silly audit   'napi-postinstall': [ '0.3.4' ],
15 silly audit   'natural-compare': [ '1.4.0' ],
15 silly audit   next: [ '14.0.4' ],
15 silly audit   postcss: [ '8.4.31', '8.5.6' ],
15 silly audit   'node-fetch': [ '2.7.0' ],
15 silly audit   'node-fetch-native': [ '1.6.7' ],
15 silly audit   'node-releases': [ '2.0.27' ],
15 silly audit   'normalize-path': [ '3.0.0' ],
15 silly audit   'npm-run-path': [ '6.0.0' ],
15 silly audit   'path-key': [ '4.0.0', '3.1.1' ],
15 silly audit   nypm: [ '0.5.4' ],
15 silly audit   oauth4webapi: [ '2.17.0' ],
15 silly audit   'object-assign': [ '4.1.1' ],
15 silly audit   'object-hash': [ '3.0.0' ],
15 silly audit   'object-inspect': [ '1.13.4' ],
15 silly audit   'object-keys': [ '1.1.1' ],
15 silly audit   'object.assign': [ '4.1.7' ],
15 silly audit   'object.entries': [ '1.1.9' ],
15 silly audit   'object.fromentries': [ '2.0.8' ],
15 silly audit   'object.groupby': [ '1.0.3' ],
15 silly audit   'object.values': [ '1.2.1' ],
15 silly audit   ohash: [ '1.1.6' ],
15 silly audit   once: [ '1.4.0' ],
15 silly audit   onetime: [ '7.0.0' ],
15 silly audit   optionator: [ '0.9.4' ],
15 silly audit   ora: [ '8.2.0' ],
15 silly audit   'strip-ansi': [ '7.1.2', '6.0.1' ],
15 silly audit   oslo: [ '1.2.1' ],
15 silly audit   'own-keys': [ '1.0.1' ],
15 silly audit   'p-limit': [ '3.1.0' ],
15 silly audit   'p-locate': [ '5.0.0' ],
15 silly audit   'parent-module': [ '1.0.1' ],
15 silly audit   'parse-ms': [ '4.0.0' ],
15 silly audit   'path-exists': [ '4.0.0' ],
15 silly audit   'path-is-absolute': [ '1.0.1' ],
15 silly audit   'path-parse': [ '1.0.7' ],
15 silly audit   'path-type': [ '4.0.0' ],
15 silly audit   'perfect-debounce': [ '1.0.0' ],
15 silly audit   picocolors: [ '1.1.1' ],
15 silly audit   picomatch: [ '2.3.1', '4.0.3' ],
15 silly audit   pify: [ '2.3.0' ],
15 silly audit   pirates: [ '4.0.7' ],
15 silly audit   'pkg-types': [ '1.3.1' ],
15 silly audit   'possible-typed-array-names': [ '1.1.0' ],
15 silly audit   'postcss-import': [ '15.1.0' ],
15 silly audit   'postcss-js': [ '4.1.0' ],
15 silly audit   'postcss-load-config': [ '6.0.1' ],
15 silly audit   'postcss-nested': [ '6.2.0' ],
15 silly audit   'postcss-selector-parser': [ '6.1.2' ],
15 silly audit   'postcss-value-parser': [ '4.2.0' ],
15 silly audit   'prelude-ls': [ '1.2.1' ],
15 silly audit   'pretty-ms': [ '9.3.0' ],
15 silly audit   prompts: [ '2.4.2' ],
15 silly audit   'prop-types': [ '15.8.1' ],
15 silly audit   punycode: [ '2.3.1' ],
15 silly audit   pvtsutils: [ '1.3.6' ],
15 silly audit   pvutils: [ '1.1.5' ],
15 silly audit   'queue-microtask': [ '1.2.3' ],
15 silly audit   rc9: [ '2.1.2' ],
15 silly audit   react: [ '18.3.1' ],
15 silly audit   'react-dom': [ '18.3.1' ],
15 silly audit   'react-is': [ '16.13.1' ],
15 silly audit   'read-cache': [ '1.0.0' ],
15 silly audit   readdirp: [ '3.6.0' ],
15 silly audit   'reflect.getprototypeof': [ '1.0.10' ],
15 silly audit   'regexp-to-ast': [ '0.5.0' ],
15 silly audit   'regexp.prototype.flags': [ '1.5.4' ],
15 silly audit   'resolve-from': [ '4.0.0' ],
15 silly audit   'resolve-pkg-maps': [ '1.0.0' ],
15 silly audit   'restore-cursor': [ '5.1.0' ],
15 silly audit   reusify: [ '1.1.0' ],
15 silly audit   rimraf: [ '3.0.2' ],
15 silly audit   rou3: [ '0.5.1' ],
15 silly audit   'run-parallel': [ '1.2.0' ],
15 silly audit   'safe-array-concat': [ '1.1.3' ],
15 silly audit   'safe-push-apply': [ '1.0.0' ],
15 silly audit   'safe-regex-test': [ '1.1.0' ],
15 silly audit   scheduler: [ '0.23.2' ],
15 silly audit   seroval: [ '1.3.2' ],
15 silly audit   'seroval-plugins': [ '1.3.3' ],
15 silly audit   'set-cookie-parser': [ '2.7.2' ],
15 silly audit   'set-function-length': [ '1.2.2' ],
15 silly audit   'set-function-name': [ '2.0.2' ],
15 silly audit   'set-proto': [ '1.0.0' ],
15 silly audit   'shebang-command': [ '2.0.0' ],
15 silly audit   'shebang-regex': [ '3.0.0' ],
15 silly audit   'side-channel': [ '1.1.0' ],
15 silly audit   'side-channel-list': [ '1.0.0' ],
15 silly audit   'side-channel-map': [ '1.0.1' ],
15 silly audit   'side-channel-weakmap': [ '1.0.2' ],
15 silly audit   'signal-exit': [ '4.1.0' ],
15 silly audit   sisteransi: [ '1.0.5' ],
15 silly audit   slash: [ '3.0.0' ],
15 silly audit   'solid-js': [ '1.9.10' ],
15 silly audit   'source-map-js': [ '1.2.1' ],
15 silly audit   'stable-hash': [ '0.0.5' ],
15 silly audit   'stdin-discarder': [ '0.2.2' ],
15 silly audit   'stop-iteration-iterator': [ '1.1.0' ],
15 silly audit   streamsearch: [ '1.1.0' ],
15 silly audit   'string-width': [ '7.2.0' ],
15 silly audit   'string.prototype.includes': [ '2.0.1' ],
15 silly audit   'string.prototype.matchall': [ '4.0.12' ],
15 silly audit   'string.prototype.repeat': [ '1.0.0' ],
15 silly audit   'string.prototype.trim': [ '1.2.10' ],
15 silly audit   'string.prototype.trimend': [ '1.0.9' ],
15 silly audit   'string.prototype.trimstart': [ '1.0.8' ],
15 silly audit   'strip-bom': [ '3.0.0' ],
15 silly audit   'strip-final-newline': [ '4.0.0' ],
15 silly audit   'strip-json-comments': [ '3.1.1' ],
15 silly audit   'styled-jsx': [ '5.1.1' ],
15 silly audit   sucrase: [ '3.35.1' ],
15 silly audit   'supports-color': [ '7.2.0' ],
15 silly audit   'supports-preserve-symlinks-flag': [ '1.0.0' ],
15 silly audit   tailwindcss: [ '3.4.19' ],
15 silly audit   tar: [ '6.2.1' ],
15 silly audit   'text-table': [ '0.2.0' ],
15 silly audit   thenify: [ '3.3.1' ],
15 silly audit   'thenify-all': [ '1.6.0' ],
15 silly audit   tinyexec: [ '0.3.2' ],
15 silly audit   tinyglobby: [ '0.2.15' ],
15 silly audit   fdir: [ '6.5.0' ],
15 silly audit   'to-regex-range': [ '5.0.1' ],
15 silly audit   tr46: [ '0.0.3' ],
15 silly audit   'ts-api-utils': [ '1.4.3' ],
15 silly audit   'ts-interface-checker': [ '0.1.13' ],
15 silly audit   'tsconfig-paths': [ '3.15.0' ],
15 silly audit   tslib: [ '2.8.1' ],
15 silly audit   'type-check': [ '0.4.0' ],
15 silly audit   'type-fest': [ '0.20.2' ],
15 silly audit   'typed-array-buffer': [ '1.0.3' ],
15 silly audit   'typed-array-byte-length': [ '1.0.3' ],
15 silly audit   'typed-array-byte-offset': [ '1.0.4' ],
15 silly audit   'typed-array-length': [ '1.0.7' ],
15 silly audit   typescript: [ '5.9.3' ],
15 silly audit   ufo: [ '1.6.2' ],
15 silly audit   'unbox-primitive': [ '1.1.0' ],
15 silly audit   'undici-types': [ '6.21.0' ],
15 silly audit   'unicorn-magic': [ '0.3.0' ],
15 silly audit   'unrs-resolver': [ '1.11.1' ],
15 silly audit   'update-browserslist-db': [ '1.2.3' ],
15 silly audit   'uri-js': [ '4.4.1' ],
15 silly audit   'util-deprecate': [ '1.0.2' ],
15 silly audit   vue: [ '3.5.26' ],
15 silly audit   watchpack: [ '2.4.0' ],
15 silly audit   'webidl-conversions': [ '3.0.1' ],
15 silly audit   'whatwg-url': [ '5.0.0' ],
15 silly audit   which: [ '2.0.2' ],
15 silly audit   'which-boxed-primitive': [ '1.1.1' ],
15 silly audit   'which-builtin-type': [ '1.2.1' ],
15 silly audit   'which-collection': [ '1.0.2' ],
15 silly audit   'which-typed-array': [ '1.1.19' ],
15 silly audit   'word-wrap': [ '1.2.5' ],
15 silly audit   wrappy: [ '1.0.2' ],
15 silly audit   'yocto-queue': [ '0.1.0' ],
15 silly audit   yoctocolors: [ '2.1.2' ],
15 silly audit   zod: [ '3.25.76' ]
15 silly audit }
16 http fetch POST 200 https://registry.npmjs.org/-/npm/v1/security/advisories/bulk 2881ms
17 silly audit report {
17 silly audit report   'better-auth': [
17 silly audit report     {
17 silly audit report       id: 1101395,
17 silly audit report       url: 'https://github.com/advisories/GHSA-8jhw-6pjj-8723',
17 silly audit report       title: 'Better Auth has an Open Redirect Vulnerability in Verify Email Endpoint',
17 silly audit report       severity: 'high',
17 silly audit report       vulnerable_versions: '<1.1.6',
17 silly audit report       cwe: [Array],
17 silly audit report       cvss: [Object]
17 silly audit report     },
17 silly audit report     {
17 silly audit report       id: 1102831,
17 silly audit report       url: 'https://github.com/advisories/GHSA-hjpm-7mrm-26w8',
17 silly audit report       title: 'Beter Auth has an Open Redirect via Scheme-Less Callback Parameter',
17 silly audit report       severity: 'moderate',
17 silly audit report       vulnerable_versions: '<1.1.20',
17 silly audit report       cwe: [Array],
17 silly audit report       cvss: [Object]
17 silly audit report     },
17 silly audit report     {
17 silly audit report       id: 1111075,
17 silly audit report       url: 'https://github.com/advisories/GHSA-569q-mpph-wgww',
17 silly audit report       title: 'Better Auth affected by external request basePath modification DoS',
17 silly audit report       severity: 'low',
17 silly audit report       vulnerable_versions: '<1.4.2',
17 silly audit report       cwe: [Array],
17 silly audit report       cvss: [Object]
17 silly audit report     },
17 silly audit report     {
17 silly audit report       id: 1105962,
17 silly audit report       url: 'https://github.com/advisories/GHSA-36rg-gfq2-3h56',
17 silly audit report       title: 'Better Auth Open Redirect Vulnerability in originCheck Middleware Affects Multiple Routes',
17 silly audit report       severity: 'low',
17 silly audit report       vulnerable_versions: '<=1.2.9',
17 silly audit report       cwe: [Array],
17 silly audit report       cvss: [Object]
17 silly audit report     },
17 silly audit report     {
17 silly audit report       id: 1111289,
17 silly audit report       url: 'https://github.com/advisories/GHSA-99h5-pjcv-gr6v',
17 silly audit report       title: 'Better Auth: Unauthenticated API key creation through api-key plugin',
17 silly audit report       severity: 'high',
17 silly audit report       vulnerable_versions: '<1.3.26',
17 silly audit report       cwe: [Array],
17 silly audit report       cvss: [Object]
17 silly audit report     },
17 silly audit report     {
17 silly audit report       id: 1111290,
17 silly audit report       url: 'https://github.com/advisories/GHSA-vp58-j275-797x',
17 silly audit report       title: 'Better Auth allows bypassing the trustedOrigins Protection which leads to ATO',
17 silly audit report       severity: 'high',
17 silly audit report       vulnerable_versions: '<=1.1.20',
17 silly audit report       cwe: [Array],
17 silly audit report       cvss: [Object]
17 silly audit report     },
17 silly audit report     {
17 silly audit report       id: 1111291,
17 silly audit report       url: 'https://github.com/advisories/GHSA-9x4v-xfq5-m8x5',
17 silly audit report       title: 'Better Auth URL parameter HTML Injection (Reflected Cross-Site scripting)',
17 silly audit report       severity: 'moderate',
17 silly audit report       vulnerable_versions: '>=0.0.2 <1.1.16',
17 silly audit report       cwe: [Array],
17 silly audit report       cvss: [Object]
17 silly audit report     },
17 silly audit report     {
17 silly audit report       id: 1111528,
17 silly audit report       url: 'https://github.com/advisories/GHSA-x732-6j76-qmhm',
17 silly audit report       title: "Better Auth's rou3 Dependency has Double-Slash Path Normalization which can Bypass disabledPaths Config and Rate Limits",
17 silly audit report       severity: 'high',
17 silly audit report       vulnerable_versions: '<1.4.5',
17 silly audit report       cwe: [Array],
17 silly audit report       cvss: [Object]
17 silly audit report     }
17 silly audit report   ],
17 silly audit report   next: [
17 silly audit report     {
17 silly audit report       id: 1099638,
17 silly audit report       url: 'https://github.com/advisories/GHSA-gp8f-8m3g-qvj9',
17 silly audit report       title: 'Next.js Cache Poisoning',
17 silly audit report       severity: 'high',
17 silly audit report       vulnerable_versions: '>=14.0.0 <14.2.10',
17 silly audit report       cwe: [Array],
17 silly audit report       cvss: [Object]
17 silly audit report     },
17 silly audit report     {
17 silly audit report       id: 1100421,
17 silly audit report       url: 'https://github.com/advisories/GHSA-g77x-44xx-532m',
17 silly audit report       title: 'Denial of Service condition in Next.js image optimization',
17 silly audit report       severity: 'moderate',
17 silly audit report       vulnerable_versions: '>=10.0.0 <14.2.7',
17 silly audit report       cwe: [Array],
17 silly audit report       cvss: [Object]
17 silly audit report     },
17 silly audit report     {
17 silly audit report       id: 1101438,
17 silly audit report       url: 'https://github.com/advisories/GHSA-7m27-7ghc-44w9',
17 silly audit report       title: 'Next.js Allows a Denial of Service (DoS) with Server Actions',
17 silly audit report       severity: 'moderate',
17 silly audit report       vulnerable_versions: '>=14.0.0 <14.2.21',
17 silly audit report       cwe: [Array],
17 silly audit report       cvss: [Object]
17 silly audit report     },
17 silly audit report     {
17 silly audit report       id: 1105461,
17 silly audit report       url: 'https://github.com/advisories/GHSA-3h52-269p-cp9r',
17 silly audit report       title: 'Information exposure in Next.js dev server due to lack of origin verification',
17 silly audit report       severity: 'low',
17 silly audit report       vulnerable_versions: '>=13.0 <14.2.30',
17 silly audit report       cwe: [Array],
17 silly audit report       cvss: [Object]
17 silly audit report     },
17 silly audit report     {
17 silly audit report       id: 1111391,
17 silly audit report       url: 'https://github.com/advisories/GHSA-mwv6-3258-q52c',
17 silly audit report       title: 'Next Vulnerable to Denial of Service with Server Components',
17 silly audit report       severity: 'high',
17 silly audit report       vulnerable_versions: '>=13.3.0 <14.2.34',
17 silly audit report       cwe: [Array],
17 silly audit report       cvss: [Object]
17 silly audit report     },
17 silly audit report     {
17 silly audit report       id: 1111461,
17 silly audit report       url: 'https://github.com/advisories/GHSA-5j59-xgg2-r9c4',
17 silly audit report       title: 'Next has a Denial of Service with Server Components - Incomplete Fix Follow-Up',
17 silly audit report       severity: 'high',
17 silly audit report       vulnerable_versions: '>=13.3.1-canary.0 <14.2.35',
17 silly audit report       cwe: [Array],
17 silly audit report       cvss: [Object]
17 silly audit report     },
17 silly audit report     {
17 silly audit report       id: 1107226,
17 silly audit report       url: 'https://github.com/advisories/GHSA-g5qg-72qw-gw5v',
17 silly audit report       title: 'Next.js Affected by Cache Key Confusion for Image Optimization API Routes',
17 silly audit report       severity: 'moderate',
17 silly audit report       vulnerable_versions: '>=0.9.9 <14.2.31',
17 silly audit report       cwe: [Array],
17 silly audit report       cvss: [Object]
17 silly audit report     },
17 silly audit report     {
17 silly audit report       id: 1107420,
17 silly audit report       url: 'https://github.com/advisories/GHSA-7gfc-8cq8-jh5f',
17 silly audit report       title: 'Next.js authorization bypass vulnerability',
17 silly audit report       severity: 'high',
17 silly audit report       vulnerable_versions: '>=9.5.5 <14.2.15',
17 silly audit report       cwe: [Array],
17 silly audit report       cvss: [Object]
17 silly audit report     },
17 silly audit report     {
17 silly audit report       id: 1107512,
17 silly audit report       url: 'https://github.com/advisories/GHSA-4342-x723-ch2f',
17 silly audit report       title: 'Next.js Improper Middleware Redirect Handling Leads to SSRF',
17 silly audit report       severity: 'moderate',
17 silly audit report       vulnerable_versions: '>=0.9.9 <14.2.32',
17 silly audit report       cwe: [Array],
17 silly audit report       cvss: [Object]
17 silly audit report     },
17 silly audit report     {
17 silly audit report       id: 1107513,
17 silly audit report       url: 'https://github.com/advisories/GHSA-xv57-4mr9-wg8v',
17 silly audit report       title: 'Next.js Content Injection Vulnerability for Image Optimization',
17 silly audit report       severity: 'moderate',
17 silly audit report       vulnerable_versions: '>=0.9.9 <14.2.31',
17 silly audit report       cwe: [Array],
17 silly audit report       cvss: [Object]
17 silly audit report     },
17 silly audit report     {
17 silly audit report       id: 1108291,
17 silly audit report       url: 'https://github.com/advisories/GHSA-qpjv-v59x-3qc4',
17 silly audit report       title: 'Next.js Race Condition to Cache Poisoning',
17 silly audit report       severity: 'low',
17 silly audit report       vulnerable_versions: '>=0.9.9 <14.2.24',
17 silly audit report       cwe: [Array],
17 silly audit report       cvss: [Object]
17 silly audit report     },
17 silly audit report     {
17 silly audit report       id: 1108953,
17 silly audit report       url: 'https://github.com/advisories/GHSA-f82v-jwr5-mffw',
17 silly audit report       title: 'Authorization Bypass in Next.js Middleware',
17 silly audit report       severity: 'critical',
17 silly audit report       vulnerable_versions: '>=14.0.0 <14.2.25',
17 silly audit report       cwe: [Array],
17 silly audit report       cvss: [Object]
17 silly audit report     },
17 silly audit report     {
17 silly audit report       id: 1097295,
17 silly audit report       url: 'https://github.com/advisories/GHSA-fr5h-rqp8-mj6g',
17 silly audit report       title: 'Next.js Server-Side Request Forgery in Server Actions',
17 silly audit report       severity: 'high',
17 silly audit report       vulnerable_versions: '>=13.4.0 <14.1.1',
17 silly audit report       cwe: [Array],
17 silly audit report       cvss: [Object]
17 silly audit report     }
17 silly audit report   ]
17 silly audit report }
18 silly packumentCache corgi:https://registry.npmjs.org/better-auth cache-miss
19 silly packumentCache corgi:https://registry.npmjs.org/next cache-miss
20 http fetch GET 200 https://registry.npmjs.org/better-auth 1299ms (cache revalidated)
21 silly packumentCache corgi:https://registry.npmjs.org/better-auth set size:1388612 disposed:false
22 http fetch GET 200 https://registry.npmjs.org/next 4273ms (cache updated)
23 silly packumentCache corgi:https://registry.npmjs.org/next set size:undefined disposed:false
24 verbose cwd D:\hackhathon-2\phase_2\frontend
25 verbose os Windows_NT 10.0.26100
26 verbose node v22.19.0
27 verbose npm  v11.6.2
28 verbose exit 0
29 info ok
